[demo.datengdong.com/creamymami.html]
[demo.datengdong.com/images/favicon.png]
[backblue.gif]
[fade.gif]
[index.html]
[demo.datengdong.com/uploads/thumbs/gallery/1949d9111354e8962623050b26440179f5caddd0MS.jpg]
[demo.datengdong.com/index.html]
[cdnjs.cloudflare.com/ajax/libs/twitter-bootstrap/4.4.1/css/bootstrap.min.css]
[cdnjs.cloudflare.com/ajax/libs/simplelightbox/1.17.3/simplelightbox.min.css]
[unpkg.com/aos@2.3.1/dist/aos.css]
[cdnjs.cloudflare.com/ajax/libs/OwlCarousel2/2.3.4/assets/owl.carousel.min.css]
[demo.datengdong.com/themes/creamymami/style3447.css]
[demo.datengdong.com/themes/style23cd.css]
[demo.datengdong.com/uploads/original/gallery/1949d9111354e8962623050b26440179f5caddd0.jpg]
[demo.datengdong.com/themes/creamymami/images/flower.png]
[datengdong.com/image/protocol/masker.png]
[datengdong.com/image/protocol/distance.png]
[datengdong.com/image/protocol/salam.png]
[datengdong.com/image/protocol/wash.png]
[demo.datengdong.com/themes/creamymami/images/flower-2.png]
[demo.datengdong.com/uploads/thumbs/couple/il0dspbrza.png]
[demo.datengdong.com/images/instagram.png]
[demo.datengdong.com/images/twitter.png]
[demo.datengdong.com/uploads/thumbs/couple/tccbn7tmom.png]
[demo.datengdong.com/uploads/original/gallery/b764db47f4737e605f7ab557461fb11a0b8834b3.jpg]
[demo.datengdong.com/uploads/original/gallery/4fbe34d890760848eb7dd0c9529a350f9eb955e4.jpg]
[demo.datengdong.com/uploads/thumbs/gallery/4fbe34d890760848eb7dd0c9529a350f9eb955e4rY.jpg]
[demo.datengdong.com/uploads/original/gallery/919581c46f65bdfb61bf87436d6671321c91ca1d.jpg]
[demo.datengdong.com/uploads/thumbs/gallery/919581c46f65bdfb61bf87436d6671321c91ca1dFf.jpg]
[demo.datengdong.com/uploads/original/gallery/f92dc892d7faba8c2253a2ccfca156ba6ad908ad.jpg]
[demo.datengdong.com/uploads/thumbs/gallery/f92dc892d7faba8c2253a2ccfca156ba6ad908adpl.jpg]
[demo.datengdong.com/uploads/original/gallery/c2e032241e4e2df8bbc07227134055b6ab9c60c7.jpg]
[demo.datengdong.com/uploads/thumbs/gallery/c2e032241e4e2df8bbc07227134055b6ab9c60c7ML.jpg]
[demo.datengdong.com/uploads/original/gallery/dd70c04037e4098808d682b9a0cad19a4dcd8bd5.jpg]
[demo.datengdong.com/uploads/thumbs/gallery/dd70c04037e4098808d682b9a0cad19a4dcd8bd5bz.jpg]
[demo.datengdong.com/uploads/thumbs/gallery/b764db47f4737e605f7ab557461fb11a0b8834b3gx.jpg]
[demo.datengdong.com/uploads/original/gallery/636378ac339e7640b43f9d199426e6f676e51ee6.jpg]
[demo.datengdong.com/uploads/thumbs/gallery/636378ac339e7640b43f9d199426e6f676e51ee6Va.jpg]
[demo.datengdong.com/images/send-w.png]
[demo.datengdong.com/images/logo-color.png]
[demo.datengdong.com/uploads/musics/11.mp3]
[demo.datengdong.com/images/play-pause.svg]
[demo.datengdong.com/images/gift-donation.png]
[demo.datengdong.com/images/love.png]
[demo.datengdong.com/images/copy.png]
[demo.datengdong.com/images/payment/bca.jpg]
[demo.datengdong.com/images/payment/mandiri.jpg]
[demo.datengdong.com/uploads/original/qris/jnmhwpg7ma.jpg]
[cdnjs.cloudflare.com/ajax/libs/jquery/3.4.1/jquery.min.js]
[cdnjs.cloudflare.com/ajax/libs/twitter-bootstrap/4.4.1/js/bootstrap.min.js]
[cdnjs.cloudflare.com/ajax/libs/simplelightbox/1.17.3/simple-lightbox.min.js]
[unpkg.com/aos@2.3.1/dist/aos.js]
[cdn.plyr.io/3.6.8/plyr.css]
[cdn.plyr.io/3.6.8/plyr.js]
[demo.datengdong.com/js/musicv2e209.js]
[cdnjs.cloudflare.com/ajax/libs/OwlCarousel2/2.3.4/owl.carousel.min.js]
[demo.datengdong.com/themes/creamymami/custom.js]
[demo.datengdong.com/creamymami.html]
[demo.datengdong.com/themes/twelve/stylef700.css]
[demo.datengdong.com/themes/twelve/images/content/flower-2.png]
[demo.datengdong.com/themes/twelve/images/content/flower.png]
[demo.datengdong.com/themes/twelve/images/content/leaves-left.png]
[demo.datengdong.com/themes/twelve/images/content/leaves-right.png]
[demo.datengdong.com/images/send-b.png]
[demo.datengdong.com/themes/twelve/custom.js]
[demo.datengdong.com/index.html]
[cdnjs.cloudflare.com/ajax/libs/twitter-bootstrap/4.4.1/css/bootstrap.min.css]
[cdnjs.cloudflare.com/ajax/libs/simplelightbox/1.17.3/simplelightbox.min.css]
[unpkg.com/aos@2.3.1/dist/aos.css]
[cdnjs.cloudflare.com/ajax/libs/OwlCarousel2/2.3.4/assets/owl.video.play.png]
[cdnjs.cloudflare.com/ajax/libs/OwlCarousel2/2.3.4/assets/owl.carousel.min.css]
[demo.datengdong.com/themes/creamymami/images/bg-gradient.png]
[demo.datengdong.com/themes/creamymami/style3447.css]
[demo.datengdong.com/themes/style23cd.css]
[demo.datengdong.com/images/play-pause.svg]
[cdn.plyr.io/3.6.8/plyr.css]
[demo.datengdong.com/themes/twelve/images/content/mask.png]
[demo.datengdong.com/themes/twelve/images/content/mask_bottom.png]
[demo.datengdong.com/themes/twelve/images/content/flower-cover-right.png]
[demo.datengdong.com/themes/twelve/images/content/flower-cover-left.png]
[demo.datengdong.com/themes/twelve/stylef700.css]
